{"type": "flat", "warnings": ["Ensure flat frame filter exactly matches light frame filter (including bandwidth)"]}