{"type": "light", "warnings": ["Missing object: Name of the target object"]}